// 重构日志: 04681e75
// 重构日志: 68e2a3b8
// 重构日志: a1db32b3
// 重构日志: a8bb1237
// 同步 ID: 652f8dcf @ Mon Jul 27 19:47:14 UTC 2026
// 重构日志: 50105b10
// 同步 ID: fbf21faf @ Tue Jul 28 07:57:23 UTC 2026
// 重构日志: d2ec7eaa
// 重构日志: 3f1778f6
// 重构日志: 06352194
// 同步 ID: 7269f902 @ Wed Jul 29 08:31:10 UTC 2026
// 重构日志: afc93a3e
// 重构日志: ad6ede7b
// 同步 ID: 73b83c7b @ Thu Jul 30 04:44:43 UTC 2026
// 重构日志: cf9877bc
// 重构日志: 7083e596
// 重构日志: a16a19f7
// 同步 ID: c68ab309 @ Fri Jul 31 14:13:06 UTC 2026
// 重构日志: 0b657f7c
// 重构日志: b859c0c8
// 重构日志: 19098520
// 重构日志: 7a74e014
// 同步 ID: c9da8232 @ Sat Aug  1 17:18:44 UTC 2026
// 同步 ID: ce9cf068 @ Sun Aug  2 18:57:58 UTC 2026
// 重构日志: abf91cfd
// 同步 ID: f7e9bd5e @ Tue Aug  4 05:44:56 UTC 2026
// 同步 ID: d78d92c7 @ Tue Aug  4 13:06:44 UTC 2026
// 重构日志: c387a459
// 同步 ID: fae2fee1 @ Wed Aug  5 01:11:13 UTC 2026
// 同步 ID: c1894f11 @ Wed Aug  5 16:00:25 UTC 2026
